// Jest Snapshot v1, https://goo.gl/fbAQLP

exports[`App container matches previous snapshot 1`] = `ShallowWrapper {}`;
