// Jest Snapshot v1, https://goo.gl/fbAQLP

exports[`BadPath component matches previous snapshot 1`] = `ShallowWrapper {}`;
