// Jest Snapshot v1, https://goo.gl/fbAQLP

exports[`WeatherDisplay container matches previous snapshot 1`] = `ShallowWrapper {}`;
